Traceback (most recent call last):
  File "/home/runner/work/ocl-data-relay-live/ocl-data-relay-live/scripts/fetch_ocl.py", line 101, in <module>
    main()
  File "/home/runner/work/ocl-data-relay-live/ocl-data-relay-live/scripts/fetch_ocl.py", line 85, in main
    download(spec['url'], pending)
  File "/home/runner/work/ocl-data-relay-live/ocl-data-relay-live/scripts/fetch_ocl.py", line 42, in download
    with urllib.request.urlopen(request, timeout=600) as response, open(destination, 'wb') as output:
         ^^^^^^^^^^^^^^^^^^^^^^^^^^^^^^^^^^^^^^^^^^^^
  File "/usr/lib/python3.12/urllib/request.py", line 215, in urlopen
    return opener.open(url, data, timeout)
           ^^^^^^^^^^^^^^^^^^^^^^^^^^^^^^^
  File "/usr/lib/python3.12/urllib/request.py", line 521, in open
    response = meth(req, response)
               ^^^^^^^^^^^^^^^^^^^
  File "/usr/lib/python3.12/urllib/request.py", line 630, in http_response
    response = self.parent.error(
               ^^^^^^^^^^^^^^^^^^
  File "/usr/lib/python3.12/urllib/request.py", line 559, in error
    return self._call_chain(*args)
           ^^^^^^^^^^^^^^^^^^^^^^^
  File "/usr/lib/python3.12/urllib/request.py", line 492, in _call_chain
    result = func(*args)
             ^^^^^^^^^^^
  File "/usr/lib/python3.12/urllib/request.py", line 639, in http_error_default
    raise HTTPError(req.full_url, code, msg, hdrs, fp)
urllib.error.HTTPError: HTTP Error 403: Forbidden

downloader_exit_code=1
